WARNING: wrong-syntax.h:2: documentation comment attached to unexpected cursor CursorKind.CLASS_DECL foo
