ERROR: cpp-wrong-syntax.h:2: unknown type name 'class'
ERROR: cpp-wrong-syntax.h:2: expected ';' after top level declarator
