WARNING: autoconf: ['invalid'] unsupported option(s) ignored
