WARNING: get_include_args: c compiler not found ('invalid')
WARNING: get_include_args: c++ compiler not found ('invalid')
