WARNING: get_include_args: incompatible c compiler ('false')
WARNING: get_include_args: incompatible c++ compiler ('false')
