WARNING: autoconf: 'stdinc' option ignored (missing compiler)
